cd native/SendmeterNative && xcodebuild -project SendmeterNative.xcodeproj -scheme 'SendLogWatch Watch App' -configuration Debug -destination 'generic/platform=watchOS Simulator' CODE_SIGNING_ALLOWED=NO build
Command line invocation:
    /Applications/Xcode.app/Contents/Developer/usr/bin/xcodebuild -project SendmeterNative.xcodeproj -scheme "SendLogWatch Watch App" -configuration Debug -destination "generic/platform=watchOS Simulator" CODE_SIGNING_ALLOWED=NO build

Build settings from command line:
    CODE_SIGNING_ALLOWED = NO

2026-10-04 11:33:06.176 xcodebuild[78032:56380913] [MT] IDELogStore: Failed to open log store at /Volumes/NVMe2TB/DerivedData/SendmeterNative-grhcpevyzmvxtjfruabfmojkwiar/Logs/Build
2026-10-04 11:33:06.176 xcodebuild[78032:56380913] [MT] IDELogStore: Failed to open Build log store: Error Domain=IDEFoundationErrorDomain Code=1 "Unable to create log store directory at '/Volumes/NVMe2TB/DerivedData/SendmeterNative-grhcpevyzmvxtjfruabfmojkwiar/Logs/Build': (513) You don’t have permission to save the file “Build” in the folder “Logs”." UserInfo={NSLocalizedDescription=Unable to create log store directory at '/Volumes/NVMe2TB/DerivedData/SendmeterNative-grhcpevyzmvxtjfruabfmojkwiar/Logs/Build': (513) You don’t have permission to save the file “Build” in the folder “Logs”.}. User info: {
    NSLocalizedDescription = "Unable to create log store directory at '/Volumes/NVMe2TB/DerivedData/SendmeterNative-grhcpevyzmvxtjfruabfmojkwiar/Logs/Build': (513) You don\U2019t have permission to save the file \U201cBuild\U201d in the folder \U201cLogs\U201d.";
}.
2026-10-04 11:33:06.218 xcodebuild[78032:56380913] [MT] IDELogStore: Failed to open log store at /Volumes/NVMe2TB/DerivedData/SendmeterNative-grhcpevyzmvxtjfruabfmojkwiar/Logs/Localization
2026-10-04 11:33:06.218 xcodebuild[78032:56380913] [MT] IDELogStore: Failed to open Localization log store: Error Domain=IDEFoundationErrorDomain Code=1 "Unable to create log store directory at '/Volumes/NVMe2TB/DerivedData/SendmeterNative-grhcpevyzmvxtjfruabfmojkwiar/Logs/Localization': (513) You don’t have permission to save the file “Localization” in the folder “Logs”." UserInfo={NSLocalizedDescription=Unable to create log store directory at '/Volumes/NVMe2TB/DerivedData/SendmeterNative-grhcpevyzmvxtjfruabfmojkwiar/Logs/Localization': (513) You don’t have permission to save the file “Localization” in the folder “Logs”.}. User info: {
    NSLocalizedDescription = "Unable to create log store directory at '/Volumes/NVMe2TB/DerivedData/SendmeterNative-grhcpevyzmvxtjfruabfmojkwiar/Logs/Localization': (513) You don\U2019t have permission to save the file \U201cLocalization\U201d in the folder \U201cLogs\U201d.";
}.
2026-10-04 11:33:06.219 xcodebuild[78032:56380913] [MT] IDELogStore: Failed to open log store at /Volumes/NVMe2TB/DerivedData/SendmeterNative-grhcpevyzmvxtjfruabfmojkwiar/Logs/Launch
2026-10-04 11:33:06.219 xcodebuild[78032:56380913] [MT] IDELogStore: Failed to open Launch log store: Error Domain=IDEFoundationErrorDomain Code=1 "Unable to create log store directory at '/Volumes/NVMe2TB/DerivedData/SendmeterNative-grhcpevyzmvxtjfruabfmojkwiar/Logs/Launch': (513) You don’t have permission to save the file “Launch” in the folder “Logs”." UserInfo={NSLocalizedDescription=Unable to create log store directory at '/Volumes/NVMe2TB/DerivedData/SendmeterNative-grhcpevyzmvxtjfruabfmojkwiar/Logs/Launch': (513) You don’t have permission to save the file “Launch” in the folder “Logs”.}. User info: {
    NSLocalizedDescription = "Unable to create log store directory at '/Volumes/NVMe2TB/DerivedData/SendmeterNative-grhcpevyzmvxtjfruabfmojkwiar/Logs/Launch': (513) You don\U2019t have permission to save the file \U201cLaunch\U201d in the folder \U201cLogs\U201d.";
}.
2026-10-04 11:33:06.592 xcodebuild[78032:56380913] [MT] IDELogStore: Failed to open log store at /Volumes/NVMe2TB/DerivedData/SendmeterNative-grhcpevyzmvxtjfruabfmojkwiar/Logs/Package
2026-10-04 11:33:06.592 xcodebuild[78032:56380913] [MT] IDELogStore: Failed to open Package log store: Error Domain=IDEFoundationErrorDomain Code=1 "Unable to create log store directory at '/Volumes/NVMe2TB/DerivedData/SendmeterNative-grhcpevyzmvxtjfruabfmojkwiar/Logs/Package': (513) You don’t have permission to save the file “Package” in the folder “Logs”." UserInfo={NSLocalizedDescription=Unable to create log store directory at '/Volumes/NVMe2TB/DerivedData/SendmeterNative-grhcpevyzmvxtjfruabfmojkwiar/Logs/Package': (513) You don’t have permission to save the file “Package” in the folder “Logs”.}. User info: {
    NSLocalizedDescription = "Unable to create log store directory at '/Volumes/NVMe2TB/DerivedData/SendmeterNative-grhcpevyzmvxtjfruabfmojkwiar/Logs/Package': (513) You don\U2019t have permission to save the file \U201cPackage\U201d in the folder \U201cLogs\U201d.";
}.
2026-10-04 11:33:06.628 xcodebuild[78032:56380913] [MT] IDELogStore: Failed to open log store at /Volumes/NVMe2TB/DerivedData/SendmeterNative-grhcpevyzmvxtjfruabfmojkwiar/Logs/Test
2026-10-04 11:33:06.628 xcodebuild[78032:56380913] [MT] IDELogStore: Failed to open Test log store: Error Domain=IDEFoundationErrorDomain Code=1 "Unable to create log store directory at '/Volumes/NVMe2TB/DerivedData/SendmeterNative-grhcpevyzmvxtjfruabfmojkwiar/Logs/Test': (513) You don’t have permission to save the file “Test” in the folder “Logs”." UserInfo={NSLocalizedDescription=Unable to create log store directory at '/Volumes/NVMe2TB/DerivedData/SendmeterNative-grhcpevyzmvxtjfruabfmojkwiar/Logs/Test': (513) You don’t have permission to save the file “Test” in the folder “Logs”.}. User info: {
    NSLocalizedDescription = "Unable to create log store directory at '/Volumes/NVMe2TB/DerivedData/SendmeterNative-grhcpevyzmvxtjfruabfmojkwiar/Logs/Test': (513) You don\U2019t have permission to save the file \U201cTest\U201d in the folder \U201cLogs\U201d.";
}.
Resolve Package Graph
You don’t have permission to save the file “repositories” in the folder “SourcePackages”.

Resolved source packages:
  SendLogWatchCore: (null)
  sendlog-health-core: (null)
  SendmeterNative: (null)

2026-10-04 11:33:08.401 xcodebuild[78032:56380913] Writing error result bundle to /var/folders/4k/fbv06j2j5bbd3h4wgbwk1ccm0000gn/T/ResultBundle_2569-04-10_11-33-0008 AM.xcresult
xcodebuild: error: Could not resolve package dependencies:
  You don’t have permission to save the file “repositories” in the folder “SourcePackages”.

error: recipe `build-watch` failed on line 74 with exit code 74
RECIPE_RAW_EXIT=74
