== #1007 gitleaks allowlist probes ==
date: Sun Oct  4 11:48:54 +07 2026  gitleaks: 8.30.1

run shape = the secret-scan workflow's 'Scan checked-out tree' command, on fixture copies of the real files:
  gitleaks detect --source . --no-git --config .gitleaks.toml --redact --no-banner --exit-code=1

### A: NEW #1007 entry + committed value -> expect exit 0 (allowed)
[90m11:48AM[0m [32mINF[0m [1mscanned ~6372 bytes (6.37 KB) in 203ms[0m
[90m11:48AM[0m [32mINF[0m [1mno leaks found[0m
A_EXIT=0

### B: same form, DIFFERENT value -> expect exit 1, generic-api-key still reported
[90m11:48AM[0m [32mINF[0m [1mscanned ~6373 bytes (6.37 KB) in 196ms[0m
[90m11:48AM[0m [33mWRN[0m [1mleaks found: 1[0m
B_EXIT=1
B findings: [('generic-api-key', 'native/SendmeterNative/Tests/SendmeterCoreTests/PublishableKeyParityTests.swift', 30)]

### C (load-bearing control): ORIGINAL pre-#1007 config + committed value -> expect exit 1 (entry is required)
[90m11:48AM[0m [32mINF[0m [1mscanned ~6372 bytes (6.37 KB) in 196ms[0m
[90m11:48AM[0m [33mWRN[0m [1mleaks found: 1[0m
C_EXIT=1
C findings: [('generic-api-key', 'native/SendmeterNative/Tests/SendmeterCoreTests/PublishableKeyParityTests.swift', 30)]

### D (control): watch file + committed value -> expect exit 0
[90m11:48AM[0m [32mINF[0m [1mscanned ~5745 bytes (5.74 KB) in 197ms[0m
[90m11:48AM[0m [32mINF[0m [1mno leaks found[0m
D_EXIT=0

### E (control): watch file, changed value in same form -> expect exit 1
[90m11:48AM[0m [32mINF[0m [1mscanned ~5746 bytes (5.75 KB) in 197ms[0m
[90m11:48AM[0m [33mWRN[0m [1mleaks found: 1[0m
E_EXIT=1
E findings: [('generic-api-key', 'ios/App/SendLogWatch Watch App/Services/SupabaseService.swift', 89)]
